  Activating project at `~/dev/MyCloudAtlas.jl`
EQB config:
  out_dir=/home/ebenq/dev/MyCloudAtlas.jl/notebooks/eqb_fuzzing/overnight_runs_updated/re400_lx2pi_lzpi
  α=1.0, γ=2.0, Lx=6.283185307179586, Lz=3.141592653589793, Re=400.0
  symmetries=A,B,C,D,E,F,G
  ladder=1x3x5,1x4x5,2x4x5,2x4x6,2x4x7,2x4x8,2x4x9,3x4x9,3x5x9,3x5x9,3x5x10,3x5x11
  attempts_level1=100000, append_attempts_level1=0, resume=true
  ladder_perturb_trials_early=10000, ladder_perturb_trials_late=500, ladder_perturb_switch_jkl=(2, 4, 5), ladder_perturb_switch_idx=3, ladder_perturb_scale=0.05
  shear_band=[3.0, 7.0]
  julia_threads=8
  blas_threads=6

=== Symmetry: A <sxyz, txz> ===

--- Ladder level 1: J,K,L = 1,3,5 ---
J,K,L,m == 1,3,5,61
(2J+1)(2K+1)(2L+1) + 1 == 232
Making matrices B,A1,A2,S3...
Making quadratic operator N...
1 2 3 4 5 6 7 8 9 10 11 12 13 14 15 16 17 18 19 20 21 22 23 24 25 26 27 28 29 30 31 32 33 34 35 36 37 38 39 40 41 42 43 44 45 46 47 48 49 50 51 52 53 54 55 56 57 58 59 60 61 
[Thread 6] Unique EQB: |x|=0.0915, shear=1.0983
Progress: 1000/100000 (1.0%) (unique=1)
Progress: 2000/100000 (2.0%) (unique=1)
[Thread 7] Unique EQB: |x|=0.4227, shear=3.922
Progress: 3000/100000 (3.0%) (unique=2)
Progress: 4000/100000 (4.0%) (unique=2)
[Thread 4] Unique EQB: |x|=0.2265, shear=1.3517
Progress: 5000/100000 (5.0%) (unique=3)
Progress: 6000/100000 (6.0%) (unique=3)
Progress: 7000/100000 (7.0%) (unique=3)
Progress: 8000/100000 (8.0%) (unique=3)
Progress: 9000/100000 (9.0%) (unique=3)
Progress: 10000/100000 (10.0%) (unique=3)
Progress: 11000/100000 (11.0%) (unique=3)
Progress: 12000/100000 (12.0%) (unique=3)
Progress: 13000/100000 (13.0%) (unique=3)
Progress: 14000/100000 (14.0%) (unique=3)
Progress: 15000/100000 (15.0%) (unique=3)
Progress: 16000/100000 (16.0%) (unique=3)
Progress: 17000/100000 (17.0%) (unique=3)
Progress: 18000/100000 (18.0%) (unique=3)
Progress: 19000/100000 (19.0%) (unique=3)
Progress: 20000/100000 (20.0%) (unique=3)
Progress: 21000/100000 (21.0%) (unique=3)
Progress: 22000/100000 (22.0%) (unique=3)
Progress: 23000/100000 (23.0%) (unique=3)
Progress: 24000/100000 (24.0%) (unique=3)
Progress: 25000/100000 (25.0%) (unique=3)
Progress: 26000/100000 (26.0%) (unique=3)
Progress: 27000/100000 (27.0%) (unique=3)
Progress: 28000/100000 (28.0%) (unique=3)
Progress: 29000/100000 (29.0%) (unique=3)
Progress: 30000/100000 (30.0%) (unique=3)
Progress: 31000/100000 (31.0%) (unique=3)
Progress: 32000/100000 (32.0%) (unique=3)
Progress: 33000/100000 (33.0%) (unique=3)
Progress: 34000/100000 (34.0%) (unique=3)
Progress: 35000/100000 (35.0%) (unique=3)
Progress: 36000/100000 (36.0%) (unique=3)
Progress: 37000/100000 (37.0%) (unique=3)
Progress: 38000/100000 (38.0%) (unique=3)
Progress: 39000/100000 (39.0%) (unique=3)
Progress: 40000/100000 (40.0%) (unique=3)
Progress: 41000/100000 (41.0%) (unique=3)
[Thread 8] Unique EQB: |x|=0.3927, shear=3.5623
Progress: 42000/100000 (42.0%) (unique=4)
Progress: 43000/100000 (43.0%) (unique=4)
Progress: 44000/100000 (44.0%) (unique=4)
Progress: 45000/100000 (45.0%) (unique=4)
Progress: 46000/100000 (46.0%) (unique=4)
Progress: 47000/100000 (47.0%) (unique=4)
Progress: 48000/100000 (48.0%) (unique=4)
Progress: 49000/100000 (49.0%) (unique=4)
Progress: 50000/100000 (50.0%) (unique=4)
Progress: 51000/100000 (51.0%) (unique=4)
Progress: 52000/100000 (52.0%) (unique=4)
Progress: 53000/100000 (53.0%) (unique=4)
[Thread 6] Unique EQB: |x|=0.4056, shear=3.1653
Progress: 54000/100000 (54.0%) (unique=5)
Progress: 55000/100000 (55.0%) (unique=5)
Progress: 56000/100000 (56.0%) (unique=5)
Progress: 57000/100000 (57.0%) (unique=5)
Progress: 58000/100000 (58.0%) (unique=5)
Progress: 59000/100000 (59.0%) (unique=5)
Progress: 60000/100000 (60.0%) (unique=5)
Progress: 61000/100000 (61.0%) (unique=5)
Progress: 62000/100000 (62.0%) (unique=5)
Progress: 63000/100000 (63.0%) (unique=5)
Progress: 64000/100000 (64.0%) (unique=5)
Progress: 65000/100000 (65.0%) (unique=5)
Progress: 66000/100000 (66.0%) (unique=5)
Progress: 67000/100000 (67.0%) (unique=5)
Progress: 68000/100000 (68.0%) (unique=5)
Progress: 69000/100000 (69.0%) (unique=5)
Progress: 70000/100000 (70.0%) (unique=5)
Progress: 71000/100000 (71.0%) (unique=5)
Progress: 72000/100000 (72.0%) (unique=5)
Progress: 73000/100000 (73.0%) (unique=5)
Progress: 74000/100000 (74.0%) (unique=5)
Progress: 75000/100000 (75.0%) (unique=5)
Progress: 76000/100000 (76.0%) (unique=5)
Progress: 77000/100000 (77.0%) (unique=5)
Progress: 78000/100000 (78.0%) (unique=5)
Progress: 79000/100000 (79.0%) (unique=5)
Progress: 80000/100000 (80.0%) (unique=5)
Progress: 81000/100000 (81.0%) (unique=5)
Progress: 82000/100000 (82.0%) (unique=5)
Progress: 83000/100000 (83.0%) (unique=5)
Progress: 84000/100000 (84.0%) (unique=5)
Progress: 85000/100000 (85.0%) (unique=5)
Progress: 86000/100000 (86.0%) (unique=5)
Progress: 87000/100000 (87.0%) (unique=5)
Progress: 88000/100000 (88.0%) (unique=5)
Progress: 89000/100000 (89.0%) (unique=5)
Progress: 90000/100000 (90.0%) (unique=5)
Progress: 91000/100000 (91.0%) (unique=5)
Progress: 92000/100000 (92.0%) (unique=5)
Progress: 93000/100000 (93.0%) (unique=5)
Progress: 94000/100000 (94.0%) (unique=5)
Progress: 95000/100000 (95.0%) (unique=5)
Progress: 96000/100000 (96.0%) (unique=5)
Progress: 97000/100000 (97.0%) (unique=5)
Progress: 98000/100000 (98.0%) (unique=5)
Progress: 99000/100000 (99.0%) (unique=5)
Progress: 100000/100000 (100.0%) (unique=5)
Done. Hookstep converged=389, accepted=163, unique=5

--- Ladder level 2: J,K,L = 1,4,5 ---
J,K,L,m == 1,4,5,72
(2J+1)(2K+1)(2L+1) + 1 == 298
Making matrices B,A1,A2,S3...
Making quadratic operator N...
1 2 3 4 5 6 7 8 9 10 11 12 13 14 15 16 17 18 19 20 21 22 23 24 25 26 27 28 29 30 31 32 33 34 35 36 37 38 39 40 41 42 43 44 45 46 47 48 49 50 51 52 53 54 55 56 57 58 59 60 61 62 63 64 65 66 67 68 69 70 71 72 
[promotion config] level=2 JKL=(1,4,5) perturb_trials=10000, perturb_scale=0.05
Promotion progress: 1/5 (20.0%) (unique=1)
Promotion progress: 2/5 (40.0%) (unique=2)
Promotion progress: 3/5 (60.0%) (unique=3)
Promotion progress: 4/5 (80.0%) (unique=4)
Promotion progress: 5/5 (100.0%) (unique=4)

--- Ladder level 3: J,K,L = 2,4,5 ---
J,K,L,m == 2,4,5,127
(2J+1)(2K+1)(2L+1) + 1 == 496
Making matrices B,A1,A2,S3...
Making quadratic operator N...
1 2 3 4 5 6 7 8 9 10 11 12 13 14 15 16 17 18 19 20 21 22 23 24 25 26 27 28 29 30 31 32 33 34 35 36 37 38 39 40 41 42 43 44 45 46 47 48 49 50 51 52 53 54 55 56 57 58 59 60 61 62 63 64 65 66 67 68 69 70 71 72 73 74 75 76 77 78 79 80 81 82 83 84 85 86 87 88 89 90 91 92 93 94 95 96 97 98 99 100 101 102 103 104 105 106 107 108 109 110 111 112 113 114 115 116 117 118 119 120 121 122 123 124 125 126 127 
[promotion config] level=3 JKL=(2,4,5) perturb_trials=10000, perturb_scale=0.05
Promotion progress: 1/4 (25.0%) (unique=1)
Promotion progress: 2/4 (50.0%) (unique=2)
Promotion progress: 3/4 (75.0%) (unique=3)
Promotion progress: 4/4 (100.0%) (unique=4)

--- Ladder level 4: J,K,L = 2,4,6 ---
J,K,L,m == 2,4,6,149
(2J+1)(2K+1)(2L+1) + 1 == 586
Making matrices B,A1,A2,S3...
Making quadratic operator N...
1 2 3 4 5 6 7 8 9 10 11 12 13 14 15 16 17 18 19 20 21 22 23 24 25 26 27 28 29 30 31 32 33 34 35 36 37 38 39 40 41 42 43 44 45 46 47 48 49 50 51 52 53 54 55 56 57 58 59 60 61 62 63 64 65 66 67 68 69 70 71 72 73 74 75 76 77 78 79 80 81 82 83 84 85 86 87 88 89 90 91 92 93 94 95 96 97 98 99 100 101 102 103 104 105 106 107 108 109 110 111 112 113 114 115 116 117 118 119 120 121 122 123 124 125 126 127 128 129 130 131 132 133 134 135 136 137 138 139 140 141 142 143 144 145 146 147 148 149 
[promotion config] level=4 JKL=(2,4,6) perturb_trials=500, perturb_scale=0.05
Promotion progress: 1/4 (25.0%) (unique=1)
Promotion progress: 2/4 (50.0%) (unique=1)
Promotion progress: 3/4 (75.0%) (unique=1)
Promotion progress: 4/4 (100.0%) (unique=1)

--- Ladder level 5: J,K,L = 2,4,7 ---
J,K,L,m == 2,4,7,173
(2J+1)(2K+1)(2L+1) + 1 == 676
Making matrices B,A1,A2,S3...
Making quadratic operator N...
1 2 3 4 5 6 7 8 9 10 11 12 13 14 15 16 17 18 19 20 21 22 23 24 25 26 27 28 29 30 31 32 33 34 35 36 37 38 39 40 41 42 43 44 45 46 47 48 49 50 51 52 53 54 55 56 57 58 59 60 61 62 63 64 65 66 67 68 69 70 71 72 73 74 75 76 77 78 79 80 81 82 83 84 85 86 87 88 89 90 91 92 93 94 95 96 97 98 99 100 101 102 103 104 105 106 107 108 109 110 111 112 113 114 115 116 117 118 119 120 121 122 123 124 125 126 127 128 129 130 131 132 133 134 135 136 137 138 139 140 141 142 143 144 145 146 147 148 149 150 151 152 153 154 155 156 157 158 159 160 161 162 163 164 165 166 167 168 169 170 171 172 173 
[promotion config] level=5 JKL=(2,4,7) perturb_trials=500, perturb_scale=0.05
Promotion progress: 1/1 (100.0%) (unique=0)
[warn] no solutions at level 5; stopping ladder for symmetry A

=== Symmetry: B <sxy, sz> ===

--- Ladder level 1: J,K,L = 1,3,5 ---
J,K,L,m == 1,3,5,56
(2J+1)(2K+1)(2L+1) + 1 == 232
Making matrices B,A1,A2,S3...
Making quadratic operator N...
1 2 3 4 5 6 7 8 9 10 11 12 13 14 15 16 17 18 19 20 21 22 23 24 25 26 27 28 29 30 31 32 33 34 35 36 37 38 39 40 41 42 43 44 45 46 47 48 49 50 51 52 53 54 55 56 
[Thread 7] Unique EQB: |x|=0.0915, shear=1.0983
[Thread 8] Unique EQB: |x|=0.2845, shear=1.9194
Progress: 1000/100000 (1.0%) (unique=2)
Progress: 2000/100000 (2.0%) (unique=2)
[Thread 5] Unique EQB: |x|=0.2525, shear=1.7084
Progress: 3000/100000 (3.0%) (unique=3)
Progress: 4000/100000 (4.0%) (unique=3)
Progress: 5000/100000 (5.0%) (unique=3)
Progress: 6000/100000 (6.0%) (unique=3)
Progress: 7000/100000 (7.0%) (unique=3)
Progress: 8000/100000 (8.0%) (unique=3)
Progress: 9000/100000 (9.0%) (unique=3)
Progress: 10000/100000 (10.0%) (unique=3)
Progress: 11000/100000 (11.0%) (unique=3)
Progress: 12000/100000 (12.0%) (unique=3)
Progress: 13000/100000 (13.0%) (unique=3)
Progress: 14000/100000 (14.0%) (unique=3)
Progress: 15000/100000 (15.0%) (unique=3)
Progress: 16000/100000 (16.0%) (unique=3)
Progress: 17000/100000 (17.0%) (unique=3)
Progress: 18000/100000 (18.0%) (unique=3)
Progress: 19000/100000 (19.0%) (unique=3)
Progress: 20000/100000 (20.0%) (unique=3)
Progress: 21000/100000 (21.0%) (unique=3)
Progress: 22000/100000 (22.0%) (unique=3)
Progress: 23000/100000 (23.0%) (unique=3)
Progress: 24000/100000 (24.0%) (unique=3)
Progress: 25000/100000 (25.0%) (unique=3)
Progress: 26000/100000 (26.0%) (unique=3)
Progress: 27000/100000 (27.0%) (unique=3)
Progress: 28000/100000 (28.0%) (unique=3)
Progress: 29000/100000 (29.0%) (unique=3)
Progress: 30000/100000 (30.0%) (unique=3)
Progress: 31000/100000 (31.0%) (unique=3)
Progress: 32000/100000 (32.0%) (unique=3)
Progress: 33000/100000 (33.0%) (unique=3)
Progress: 34000/100000 (34.0%) (unique=3)
Progress: 35000/100000 (35.0%) (unique=3)
Progress: 36000/100000 (36.0%) (unique=3)
Progress: 37000/100000 (37.0%) (unique=3)
Progress: 38000/100000 (38.0%) (unique=3)
Progress: 39000/100000 (39.0%) (unique=3)
Progress: 40000/100000 (40.0%) (unique=3)
Progress: 41000/100000 (41.0%) (unique=3)
Progress: 42000/100000 (42.0%) (unique=3)
Progress: 43000/100000 (43.0%) (unique=3)
Progress: 44000/100000 (44.0%) (unique=3)
Progress: 45000/100000 (45.0%) (unique=3)
Progress: 46000/100000 (46.0%) (unique=3)
Progress: 47000/100000 (47.0%) (unique=3)
Progress: 48000/100000 (48.0%) (unique=3)
Progress: 49000/100000 (49.0%) (unique=3)
Progress: 50000/100000 (50.0%) (unique=3)
Progress: 51000/100000 (51.0%) (unique=3)
Progress: 52000/100000 (52.0%) (unique=3)
Progress: 53000/100000 (53.0%) (unique=3)
Progress: 54000/100000 (54.0%) (unique=3)
Progress: 55000/100000 (55.0%) (unique=3)
Progress: 56000/100000 (56.0%) (unique=3)
Progress: 57000/100000 (57.0%) (unique=3)
Progress: 58000/100000 (58.0%) (unique=3)
Progress: 59000/100000 (59.0%) (unique=3)
Progress: 60000/100000 (60.0%) (unique=3)
Progress: 61000/100000 (61.0%) (unique=3)
Progress: 62000/100000 (62.0%) (unique=3)
Progress: 63000/100000 (63.0%) (unique=3)
Progress: 64000/100000 (64.0%) (unique=3)
Progress: 65000/100000 (65.0%) (unique=3)
Progress: 66000/100000 (66.0%) (unique=3)
Progress: 67000/100000 (67.0%) (unique=3)
Progress: 68000/100000 (68.0%) (unique=3)
Progress: 69000/100000 (69.0%) (unique=3)
Progress: 70000/100000 (70.0%) (unique=3)
Progress: 71000/100000 (71.0%) (unique=3)
Progress: 72000/100000 (72.0%) (unique=3)
Progress: 73000/100000 (73.0%) (unique=3)
Progress: 74000/100000 (74.0%) (unique=3)
Progress: 75000/100000 (75.0%) (unique=3)
[Thread 4] Unique EQB: |x|=0.3927, shear=3.5623
Progress: 76000/100000 (76.0%) (unique=4)
Progress: 77000/100000 (77.0%) (unique=4)
Progress: 78000/100000 (78.0%) (unique=4)
Progress: 79000/100000 (79.0%) (unique=4)
Progress: 80000/100000 (80.0%) (unique=4)
Progress: 81000/100000 (81.0%) (unique=4)
Progress: 82000/100000 (82.0%) (unique=4)
Progress: 83000/100000 (83.0%) (unique=4)
Progress: 84000/100000 (84.0%) (unique=4)
Progress: 85000/100000 (85.0%) (unique=4)
Progress: 86000/100000 (86.0%) (unique=4)
Progress: 87000/100000 (87.0%) (unique=4)
Progress: 88000/100000 (88.0%) (unique=4)
Progress: 89000/100000 (89.0%) (unique=4)
Progress: 90000/100000 (90.0%) (unique=4)
Progress: 91000/100000 (91.0%) (unique=4)
Progress: 92000/100000 (92.0%) (unique=4)
Progress: 93000/100000 (93.0%) (unique=4)
Progress: 94000/100000 (94.0%) (unique=4)
Progress: 95000/100000 (95.0%) (unique=4)
Progress: 96000/100000 (96.0%) (unique=4)
Progress: 97000/100000 (97.0%) (unique=4)
Progress: 98000/100000 (98.0%) (unique=4)
Progress: 99000/100000 (99.0%) (unique=4)
Progress: 100000/100000 (100.0%) (unique=4)
Done. Hookstep converged=6927, accepted=1230, unique=4

--- Ladder level 2: J,K,L = 1,4,5 ---
J,K,L,m == 1,4,5,72
(2J+1)(2K+1)(2L+1) + 1 == 298
Making matrices B,A1,A2,S3...
Making quadratic operator N...
1 2 3 4 5 6 7 8 9 10 11 12 13 14 15 16 17 18 19 20 21 22 23 24 25 26 27 28 29 30 31 32 33 34 35 36 37 38 39 40 41 42 43 44 45 46 47 48 49 50 51 52 53 54 55 56 57 58 59 60 61 62 63 64 65 66 67 68 69 70 71 72 
[promotion config] level=2 JKL=(1,4,5) perturb_trials=10000, perturb_scale=0.05
Promotion progress: 1/4 (25.0%) (unique=1)
Promotion progress: 2/4 (50.0%) (unique=2)
Promotion progress: 3/4 (75.0%) (unique=2)
Promotion progress: 4/4 (100.0%) (unique=3)

--- Ladder level 3: J,K,L = 2,4,5 ---
J,K,L,m == 2,4,5,121
(2J+1)(2K+1)(2L+1) + 1 == 496
Making matrices B,A1,A2,S3...
Making quadratic operator N...
1 2 3 4 5 6 7 8 9 10 11 12 13 14 15 16 17 18 19 20 21 22 23 24 25 26 27 28 29 30 31 32 33 34 35 36 37 38 39 40 41 42 43 44 45 46 47 48 49 50 51 52 53 54 55 56 57 58 59 60 61 62 63 64 65 66 67 68 69 70 71 72 73 74 75 76 77 78 79 80 81 82 83 84 85 86 87 88 89 90 91 92 93 94 95 96 97 98 99 100 101 102 103 104 105 106 107 108 109 110 111 112 113 114 115 116 117 118 119 120 121 
[promotion config] level=3 JKL=(2,4,5) perturb_trials=10000, perturb_scale=0.05
Promotion progress: 1/3 (33.3%) (unique=1)
Promotion progress: 2/3 (66.7%) (unique=2)
Promotion progress: 3/3 (100.0%) (unique=3)

--- Ladder level 4: J,K,L = 2,4,6 ---
J,K,L,m == 2,4,6,143
(2J+1)(2K+1)(2L+1) + 1 == 586
Making matrices B,A1,A2,S3...
Making quadratic operator N...
1 2 3 4 5 6 7 8 9 10 11 12 13 14 15 16 17 18 19 20 21 22 23 24 25 26 27 28 29 30 31 32 33 34 35 36 37 38 39 40 41 42 43 44 45 46 47 48 49 50 51 52 53 54 55 56 57 58 59 60 61 62 63 64 65 66 67 68 69 70 71 72 73 74 75 76 77 78 79 80 81 82 83 84 85 86 87 88 89 90 91 92 93 94 95 96 97 98 99 100 101 102 103 104 105 106 107 108 109 110 111 112 113 114 115 116 117 118 119 120 121 122 123 124 125 126 127 128 129 130 131 132 133 134 135 136 137 138 139 140 141 142 143 
[promotion config] level=4 JKL=(2,4,6) perturb_trials=500, perturb_scale=0.05
Promotion progress: 1/3 (33.3%) (unique=0)
Promotion progress: 2/3 (66.7%) (unique=0)
Promotion progress: 3/3 (100.0%) (unique=0)
[warn] no solutions at level 4; stopping ladder for symmetry B

=== Symmetry: C <sxytz, sz> ===

--- Ladder level 1: J,K,L = 1,3,5 ---
J,K,L,m == 1,3,5,58
(2J+1)(2K+1)(2L+1) + 1 == 232
Making matrices B,A1,A2,S3...
Making quadratic operator N...
1 2 3 4 5 6 7 8 9 10 11 12 13 14 15 16 17 18 19 20 21 22 23 24 25 26 27 28 29 30 31 32 33 34 35 36 37 38 39 40 41 42 43 44 45 46 47 48 49 50 51 52 53 54 55 56 57 58 
[Thread 8] Unique EQB: |x|=0.244, shear=1.6173
[Thread 5] Unique EQB: |x|=0.1226, shear=1.0885
[Thread 5] Unique EQB: |x|=0.0915, shear=1.0983
Progress: 1000/100000 (1.0%) (unique=3)
Progress: 2000/100000 (2.0%) (unique=3)
Progress: 3000/100000 (3.0%) (unique=3)
Progress: 4000/100000 (4.0%) (unique=3)
Progress: 5000/100000 (5.0%) (unique=3)
Progress: 6000/100000 (6.0%) (unique=3)
Progress: 7000/100000 (7.0%) (unique=3)
Progress: 8000/100000 (8.0%) (unique=3)
Progress: 9000/100000 (9.0%) (unique=3)
[Thread 7] Unique EQB: |x|=0.3803, shear=2.7506
Progress: 10000/100000 (10.0%) (unique=4)
Progress: 11000/100000 (11.0%) (unique=4)
Progress: 12000/100000 (12.0%) (unique=4)
Progress: 13000/100000 (13.0%) (unique=4)
Progress: 14000/100000 (14.0%) (unique=4)
Progress: 15000/100000 (15.0%) (unique=4)
Progress: 16000/100000 (16.0%) (unique=4)
Progress: 17000/100000 (17.0%) (unique=4)
Progress: 18000/100000 (18.0%) (unique=4)
Progress: 19000/100000 (19.0%) (unique=4)
Progress: 20000/100000 (20.0%) (unique=4)
Progress: 21000/100000 (21.0%) (unique=4)
Progress: 22000/100000 (22.0%) (unique=4)
Progress: 23000/100000 (23.0%) (unique=4)
Progress: 24000/100000 (24.0%) (unique=4)
Progress: 25000/100000 (25.0%) (unique=4)
Progress: 26000/100000 (26.0%) (unique=4)
Progress: 27000/100000 (27.0%) (unique=4)
Progress: 28000/100000 (28.0%) (unique=4)
Progress: 29000/100000 (29.0%) (unique=4)
Progress: 30000/100000 (30.0%) (unique=4)
Progress: 31000/100000 (31.0%) (unique=4)
Progress: 32000/100000 (32.0%) (unique=4)
Progress: 33000/100000 (33.0%) (unique=4)
Progress: 34000/100000 (34.0%) (unique=4)
Progress: 35000/100000 (35.0%) (unique=4)
Progress: 36000/100000 (36.0%) (unique=4)
Progress: 37000/100000 (37.0%) (unique=4)
Progress: 38000/100000 (38.0%) (unique=4)
Progress: 39000/100000 (39.0%) (unique=4)
Progress: 40000/100000 (40.0%) (unique=4)
Progress: 41000/100000 (41.0%) (unique=4)
Progress: 42000/100000 (42.0%) (unique=4)
Progress: 43000/100000 (43.0%) (unique=4)
Progress: 44000/100000 (44.0%) (unique=4)
Progress: 45000/100000 (45.0%) (unique=4)
Progress: 46000/100000 (46.0%) (unique=4)
Progress: 47000/100000 (47.0%) (unique=4)
Progress: 48000/100000 (48.0%) (unique=4)
Progress: 49000/100000 (49.0%) (unique=4)
Progress: 50000/100000 (50.0%) (unique=4)
Progress: 51000/100000 (51.0%) (unique=4)
Progress: 52000/100000 (52.0%) (unique=4)
Progress: 53000/100000 (53.0%) (unique=4)
Progress: 54000/100000 (54.0%) (unique=4)
Progress: 55000/100000 (55.0%) (unique=4)
Progress: 56000/100000 (56.0%) (unique=4)
Progress: 57000/100000 (57.0%) (unique=4)
Progress: 58000/100000 (58.0%) (unique=4)
Progress: 59000/100000 (59.0%) (unique=4)
Progress: 60000/100000 (60.0%) (unique=4)
Progress: 61000/100000 (61.0%) (unique=4)
[Thread 7] Unique EQB: |x|=0.4731, shear=4.3302
Progress: 62000/100000 (62.0%) (unique=5)
Progress: 63000/100000 (63.0%) (unique=5)
Progress: 64000/100000 (64.0%) (unique=5)
Progress: 65000/100000 (65.0%) (unique=5)
Progress: 66000/100000 (66.0%) (unique=5)
Progress: 67000/100000 (67.0%) (unique=5)
Progress: 68000/100000 (68.0%) (unique=5)
Progress: 69000/100000 (69.0%) (unique=5)
Progress: 70000/100000 (70.0%) (unique=5)
Progress: 71000/100000 (71.0%) (unique=5)
Progress: 72000/100000 (72.0%) (unique=5)
Progress: 73000/100000 (73.0%) (unique=5)
Progress: 74000/100000 (74.0%) (unique=5)
Progress: 75000/100000 (75.0%) (unique=5)
Progress: 76000/100000 (76.0%) (unique=5)
Progress: 77000/100000 (77.0%) (unique=5)
Progress: 78000/100000 (78.0%) (unique=5)
Progress: 79000/100000 (79.0%) (unique=5)
Progress: 80000/100000 (80.0%) (unique=5)
Progress: 81000/100000 (81.0%) (unique=5)
Progress: 82000/100000 (82.0%) (unique=5)
Progress: 83000/100000 (83.0%) (unique=5)
[Thread 6] Unique EQB: |x|=0.3927, shear=3.5623
Progress: 84000/100000 (84.0%) (unique=6)
Progress: 85000/100000 (85.0%) (unique=6)
Progress: 86000/100000 (86.0%) (unique=6)
Progress: 87000/100000 (87.0%) (unique=6)
[Thread 7] Unique EQB: |x|=0.4227, shear=3.922
Progress: 88000/100000 (88.0%) (unique=7)
Progress: 89000/100000 (89.0%) (unique=7)
Progress: 90000/100000 (90.0%) (unique=7)
Progress: 91000/100000 (91.0%) (unique=7)
Progress: 92000/100000 (92.0%) (unique=7)
Progress: 93000/100000 (93.0%) (unique=7)
Progress: 94000/100000 (94.0%) (unique=7)
Progress: 95000/100000 (95.0%) (unique=7)
Progress: 96000/100000 (96.0%) (unique=7)
Progress: 97000/100000 (97.0%) (unique=7)
Progress: 98000/100000 (98.0%) (unique=7)
Progress: 99000/100000 (99.0%) (unique=7)
Progress: 100000/100000 (100.0%) (unique=7)
Done. Hookstep converged=3510, accepted=1249, unique=7

--- Ladder level 2: J,K,L = 1,4,5 ---
J,K,L,m == 1,4,5,74
(2J+1)(2K+1)(2L+1) + 1 == 298
Making matrices B,A1,A2,S3...
Making quadratic operator N...
1 2 3 4 5 6 7 8 9 10 11 12 13 14 15 16 17 18 19 20 21 22 23 24 25 26 27 28 29 30 31 32 33 34 35 36 37 38 39 40 41 42 43 44 45 46 47 48 49 50 51 52 53 54 55 56 57 58 59 60 61 62 63 64 65 66 67 68 69 70 71 72 73 74 
[promotion config] level=2 JKL=(1,4,5) perturb_trials=10000, perturb_scale=0.05
Promotion progress: 1/7 (14.3%) (unique=1)
Promotion progress: 2/7 (28.6%) (unique=2)
Promotion progress: 3/7 (42.9%) (unique=3)
Promotion progress: 4/7 (57.1%) (unique=4)
Promotion progress: 5/7 (71.4%) (unique=5)
Promotion progress: 6/7 (85.7%) (unique=5)
Promotion progress: 7/7 (100.0%) (unique=5)

--- Ladder level 3: J,K,L = 2,4,5 ---
J,K,L,m == 2,4,5,123
(2J+1)(2K+1)(2L+1) + 1 == 496
Making matrices B,A1,A2,S3...
Making quadratic operator N...
1 2 3 4 5 6 7 8 9 10 11 12 13 14 15 16 17 18 19 20 21 22 23 24 25 26 27 28 29 30 31 32 33 34 35 36 37 38 39 40 41 42 43 44 45 46 47 48 49 50 51 52 53 54 55 56 57 58 59 60 61 62 63 64 65 66 67 68 69 70 71 72 73 74 75 76 77 78 79 80 81 82 83 84 85 86 87 88 89 90 91 92 93 94 95 96 97 98 99 100 101 102 103 104 105 106 107 108 109 110 111 112 113 114 115 116 117 118 119 120 121 122 123 
[promotion config] level=3 JKL=(2,4,5) perturb_trials=10000, perturb_scale=0.05
Promotion progress: 1/5 (20.0%) (unique=1)
Promotion progress: 2/5 (40.0%) (unique=2)
Promotion progress: 3/5 (60.0%) (unique=3)
Promotion progress: 4/5 (80.0%) (unique=4)
Promotion progress: 5/5 (100.0%) (unique=4)

--- Ladder level 4: J,K,L = 2,4,6 ---
J,K,L,m == 2,4,6,145
(2J+1)(2K+1)(2L+1) + 1 == 586
Making matrices B,A1,A2,S3...
Making quadratic operator N...
1 2 3 4 5 6 7 8 9 10 11 12 13 14 15 16 17 18 19 20 21 22 23 24 25 26 27 28 29 30 31 32 33 34 35 36 37 38 39 40 41 42 43 44 45 46 47 48 49 50 51 52 53 54 55 56 57 58 59 60 61 62 63 64 65 66 67 68 69 70 71 72 73 74 75 76 77 78 79 80 81 82 83 84 85 86 87 88 89 90 91 92 93 94 95 96 97 98 99 100 101 102 103 104 105 106 107 108 109 110 111 112 113 114 115 116 117 118 119 120 121 122 123 124 125 126 127 128 129 130 131 132 133 134 135 136 137 138 139 140 141 142 143 144 145 
[promotion config] level=4 JKL=(2,4,6) perturb_trials=500, perturb_scale=0.05
Promotion progress: 1/4 (25.0%) (unique=0)
Promotion progress: 2/4 (50.0%) (unique=0)
Promotion progress: 3/4 (75.0%) (unique=0)
Promotion progress: 4/4 (100.0%) (unique=0)
[warn] no solutions at level 4; stopping ladder for symmetry C

=== Symmetry: D <sxy, sztx> ===

--- Ladder level 1: J,K,L = 1,3,5 ---
J,K,L,m == 1,3,5,57
(2J+1)(2K+1)(2L+1) + 1 == 232
Making matrices B,A1,A2,S3...
Making quadratic operator N...
1 2 3 4 5 6 7 8 9 10 11 12 13 14 15 16 17 18 19 20 21 22 23 24 25 26 27 28 29 30 31 32 33 34 35 36 37 38 39 40 41 42 43 44 45 46 47 48 49 50 51 52 53 54 55 56 57 
[Thread 4] Unique EQB: |x|=0.0915, shear=1.0983
Progress: 1000/100000 (1.0%) (unique=1)
Progress: 2000/100000 (2.0%) (unique=1)
Progress: 3000/100000 (3.0%) (unique=1)
Progress: 4000/100000 (4.0%) (unique=1)
Progress: 5000/100000 (5.0%) (unique=1)
Progress: 6000/100000 (6.0%) (unique=1)
Progress: 7000/100000 (7.0%) (unique=1)
Progress: 8000/100000 (8.0%) (unique=1)
Progress: 9000/100000 (9.0%) (unique=1)
Progress: 10000/100000 (10.0%) (unique=1)
Progress: 11000/100000 (11.0%) (unique=1)
Progress: 12000/100000 (12.0%) (unique=1)
Progress: 13000/100000 (13.0%) (unique=1)
Progress: 14000/100000 (14.0%) (unique=1)
Progress: 15000/100000 (15.0%) (unique=1)
[Thread 8] Unique EQB: |x|=0.3576, shear=2.7594
Progress: 16000/100000 (16.0%) (unique=2)
Progress: 17000/100000 (17.0%) (unique=2)
Progress: 18000/100000 (18.0%) (unique=2)
Progress: 19000/100000 (19.0%) (unique=2)
[Thread 4] Unique EQB: |x|=0.3136, shear=2.8605
Progress: 20000/100000 (20.0%) (unique=3)
Progress: 21000/100000 (21.0%) (unique=3)
Progress: 22000/100000 (22.0%) (unique=3)
Progress: 23000/100000 (23.0%) (unique=3)
Progress: 24000/100000 (24.0%) (unique=3)
Progress: 25000/100000 (25.0%) (unique=3)
Progress: 26000/100000 (26.0%) (unique=3)
Progress: 27000/100000 (27.0%) (unique=3)
Progress: 28000/100000 (28.0%) (unique=3)
Progress: 29000/100000 (29.0%) (unique=3)
Progress: 30000/100000 (30.0%) (unique=3)
Progress: 31000/100000 (31.0%) (unique=3)
Progress: 32000/100000 (32.0%) (unique=3)
Progress: 33000/100000 (33.0%) (unique=3)
Progress: 34000/100000 (34.0%) (unique=3)
Progress: 35000/100000 (35.0%) (unique=3)
Progress: 36000/100000 (36.0%) (unique=3)
Progress: 37000/100000 (37.0%) (unique=3)
Progress: 38000/100000 (38.0%) (unique=3)
Progress: 39000/100000 (39.0%) (unique=3)
Progress: 40000/100000 (40.0%) (unique=3)
Progress: 41000/100000 (41.0%) (unique=3)
Progress: 42000/100000 (42.0%) (unique=3)
Progress: 43000/100000 (43.0%) (unique=3)
Progress: 44000/100000 (44.0%) (unique=3)
Progress: 45000/100000 (45.0%) (unique=3)
Progress: 46000/100000 (46.0%) (unique=3)
[Thread 2] Unique EQB: |x|=0.3927, shear=3.5623
Progress: 47000/100000 (47.0%) (unique=4)
Progress: 48000/100000 (48.0%) (unique=4)
Progress: 49000/100000 (49.0%) (unique=4)
Progress: 50000/100000 (50.0%) (unique=4)
Progress: 51000/100000 (51.0%) (unique=4)
Progress: 52000/100000 (52.0%) (unique=4)
Progress: 53000/100000 (53.0%) (unique=4)
Progress: 54000/100000 (54.0%) (unique=4)
Progress: 55000/100000 (55.0%) (unique=4)
Progress: 56000/100000 (56.0%) (unique=4)
Progress: 57000/100000 (57.0%) (unique=4)
Progress: 58000/100000 (58.0%) (unique=4)
Progress: 59000/100000 (59.0%) (unique=4)
[Thread 7] Unique EQB: |x|=0.4164, shear=3.85
Progress: 60000/100000 (60.0%) (unique=5)
Progress: 61000/100000 (61.0%) (unique=5)
Progress: 62000/100000 (62.0%) (unique=5)
Progress: 63000/100000 (63.0%) (unique=5)
Progress: 64000/100000 (64.0%) (unique=5)
Progress: 65000/100000 (65.0%) (unique=5)
Progress: 66000/100000 (66.0%) (unique=5)
Progress: 67000/100000 (67.0%) (unique=5)
[Thread 8] Unique EQB: |x|=0.3783, shear=2.8138
Progress: 68000/100000 (68.0%) (unique=6)
Progress: 69000/100000 (69.0%) (unique=6)
Progress: 70000/100000 (70.0%) (unique=6)
Progress: 71000/100000 (71.0%) (unique=6)
Progress: 72000/100000 (72.0%) (unique=6)
Progress: 73000/100000 (73.0%) (unique=6)
Progress: 74000/100000 (74.0%) (unique=6)
Progress: 75000/100000 (75.0%) (unique=6)
Progress: 76000/100000 (76.0%) (unique=6)
Progress: 77000/100000 (77.0%) (unique=6)
Progress: 78000/100000 (78.0%) (unique=6)
Progress: 79000/100000 (79.0%) (unique=6)
Progress: 80000/100000 (80.0%) (unique=6)
Progress: 81000/100000 (81.0%) (unique=6)
Progress: 82000/100000 (82.0%) (unique=6)
Progress: 83000/100000 (83.0%) (unique=6)
Progress: 84000/100000 (84.0%) (unique=6)
Progress: 85000/100000 (85.0%) (unique=6)
Progress: 86000/100000 (86.0%) (unique=6)
Progress: 87000/100000 (87.0%) (unique=6)
Progress: 88000/100000 (88.0%) (unique=6)
Progress: 89000/100000 (89.0%) (unique=6)
Progress: 90000/100000 (90.0%) (unique=6)
Progress: 91000/100000 (91.0%) (unique=6)
Progress: 92000/100000 (92.0%) (unique=6)
Progress: 93000/100000 (93.0%) (unique=6)
Progress: 94000/100000 (94.0%) (unique=6)
Progress: 95000/100000 (95.0%) (unique=6)
Progress: 96000/100000 (96.0%) (unique=6)
Progress: 97000/100000 (97.0%) (unique=6)
Progress: 98000/100000 (98.0%) (unique=6)
Progress: 99000/100000 (99.0%) (unique=6)
Progress: 100000/100000 (100.0%) (unique=6)
Done. Hookstep converged=11721, accepted=1874, unique=6

--- Ladder level 2: J,K,L = 1,4,5 ---
J,K,L,m == 1,4,5,73
(2J+1)(2K+1)(2L+1) + 1 == 298
Making matrices B,A1,A2,S3...
Making quadratic operator N...
1 2 3 4 5 6 7 8 9 10 11 12 13 14 15 16 17 18 19 20 21 22 23 24 25 26 27 28 29 30 31 32 33 34 35 36 37 38 39 40 41 42 43 44 45 46 47 48 49 50 51 52 53 54 55 56 57 58 59 60 61 62 63 64 65 66 67 68 69 70 71 72 73 
[promotion config] level=2 JKL=(1,4,5) perturb_trials=10000, perturb_scale=0.05
Promotion progress: 1/6 (16.7%) (unique=1)
Promotion progress: 2/6 (33.3%) (unique=2)
Promotion progress: 3/6 (50.0%) (unique=3)
Promotion progress: 4/6 (66.7%) (unique=3)
Promotion progress: 5/6 (83.3%) (unique=3)
Promotion progress: 6/6 (100.0%) (unique=3)

--- Ladder level 3: J,K,L = 2,4,5 ---
J,K,L,m == 2,4,5,122
(2J+1)(2K+1)(2L+1) + 1 == 496
Making matrices B,A1,A2,S3...
Making quadratic operator N...
1 2 3 4 5 6 7 8 9 10 11 12 13 14 15 16 17 18 19 20 21 22 23 24 25 26 27 28 29 30 31 32 33 34 35 36 37 38 39 40 41 42 43 44 45 46 47 48 49 50 51 52 53 54 55 56 57 58 59 60 61 62 63 64 65 66 67 68 69 70 71 72 73 74 75 76 77 78 79 80 81 82 83 84 85 86 87 88 89 90 91 92 93 94 95 96 97 98 99 100 101 102 103 104 105 106 107 108 109 110 111 112 113 114 115 116 117 118 119 120 121 122 
[promotion config] level=3 JKL=(2,4,5) perturb_trials=10000, perturb_scale=0.05
Promotion progress: 1/3 (33.3%) (unique=0)
Promotion progress: 2/3 (66.7%) (unique=1)
Promotion progress: 3/3 (100.0%) (unique=1)

--- Ladder level 4: J,K,L = 2,4,6 ---
J,K,L,m == 2,4,6,144
(2J+1)(2K+1)(2L+1) + 1 == 586
Making matrices B,A1,A2,S3...
Making quadratic operator N...
1 2 3 4 5 6 7 8 9 10 11 12 13 14 15 16 17 18 19 20 21 22 23 24 25 26 27 28 29 30 31 32 33 34 35 36 37 38 39 40 41 42 43 44 45 46 47 48 49 50 51 52 53 54 55 56 57 58 59 60 61 62 63 64 65 66 67 68 69 70 71 72 73 74 75 76 77 78 79 80 81 82 83 84 85 86 87 88 89 90 91 92 93 94 95 96 97 98 99 100 101 102 103 104 105 106 107 108 109 110 111 112 113 114 115 116 117 118 119 120 121 122 123 124 125 126 127 128 129 130 131 132 133 134 135 136 137 138 139 140 141 142 143 144 
[promotion config] level=4 JKL=(2,4,6) perturb_trials=500, perturb_scale=0.05
Promotion progress: 1/1 (100.0%) (unique=1)

--- Ladder level 5: J,K,L = 2,4,7 ---
J,K,L,m == 2,4,7,167
(2J+1)(2K+1)(2L+1) + 1 == 676
Making matrices B,A1,A2,S3...
Making quadratic operator N...
1 2 3 4 5 6 7 8 9 10 11 12 13 14 15 16 17 18 19 20 21 22 23 24 25 26 27 28 29 30 31 32 33 34 35 36 37 38 39 40 41 42 43 44 45 46 47 48 49 50 51 52 53 54 55 56 57 58 59 60 61 62 63 64 65 66 67 68 69 70 71 72 73 74 75 76 77 78 79 80 81 82 83 84 85 86 87 88 89 90 91 92 93 94 95 96 97 98 99 100 101 102 103 104 105 106 107 108 109 110 111 112 113 114 115 116 117 118 119 120 121 122 123 124 125 126 127 128 129 130 131 132 133 134 135 136 137 138 139 140 141 142 143 144 145 146 147 148 149 150 151 152 153 154 155 156 157 158 159 160 161 162 163 164 165 166 167 
[promotion config] level=5 JKL=(2,4,7) perturb_trials=500, perturb_scale=0.05
Promotion progress: 1/1 (100.0%) (unique=0)
[warn] no solutions at level 5; stopping ladder for symmetry D

=== Symmetry: E <sxyz, sztxz> ===

--- Ladder level 1: J,K,L = 1,3,5 ---
J,K,L,m == 1,3,5,59
(2J+1)(2K+1)(2L+1) + 1 == 232
Making matrices B,A1,A2,S3...
Making quadratic operator N...
1 2 3 4 5 6 7 8 9 10 11 12 13 14 15 16 17 18 19 20 21 22 23 24 25 26 27 28 29 30 31 32 33 34 35 36 37 38 39 40 41 42 43 44 45 46 47 48 49 50 51 52 53 54 55 56 57 58 59 
[Thread 5] Unique EQB: |x|=0.0915, shear=1.0983
Progress: 1000/100000 (1.0%) (unique=1)
[Thread 6] Unique EQB: |x|=0.2515, shear=1.8124
Progress: 2000/100000 (2.0%) (unique=2)
[Thread 2] Unique EQB: |x|=0.3265, shear=1.3585
[Thread 4] Unique EQB: |x|=0.3141, shear=2.414
Progress: 3000/100000 (3.0%) (unique=4)
[Thread 2] Unique EQB: |x|=0.33, shear=2.263
Progress: 4000/100000 (4.0%) (unique=5)
Progress: 5000/100000 (5.0%) (unique=5)
Progress: 6000/100000 (6.0%) (unique=5)
Progress: 7000/100000 (7.0%) (unique=5)
Progress: 8000/100000 (8.0%) (unique=5)
Progress: 9000/100000 (9.0%) (unique=5)
Progress: 10000/100000 (10.0%) (unique=5)
Progress: 11000/100000 (11.0%) (unique=5)
Progress: 12000/100000 (12.0%) (unique=5)
Progress: 13000/100000 (13.0%) (unique=5)
Progress: 14000/100000 (14.0%) (unique=5)
Progress: 15000/100000 (15.0%) (unique=5)
Progress: 16000/100000 (16.0%) (unique=5)
Progress: 17000/100000 (17.0%) (unique=5)
Progress: 18000/100000 (18.0%) (unique=5)
Progress: 19000/100000 (19.0%) (unique=5)
Progress: 20000/100000 (20.0%) (unique=5)
Progress: 21000/100000 (21.0%) (unique=5)
Progress: 22000/100000 (22.0%) (unique=5)
Progress: 23000/100000 (23.0%) (unique=5)
Progress: 24000/100000 (24.0%) (unique=5)
Progress: 25000/100000 (25.0%) (unique=5)
Progress: 26000/100000 (26.0%) (unique=5)
Progress: 27000/100000 (27.0%) (unique=5)
Progress: 28000/100000 (28.0%) (unique=5)
Progress: 29000/100000 (29.0%) (unique=5)
Progress: 30000/100000 (30.0%) (unique=5)
Progress: 31000/100000 (31.0%) (unique=5)
Progress: 32000/100000 (32.0%) (unique=5)
Progress: 33000/100000 (33.0%) (unique=5)
Progress: 34000/100000 (34.0%) (unique=5)
Progress: 35000/100000 (35.0%) (unique=5)
Progress: 36000/100000 (36.0%) (unique=5)
Progress: 37000/100000 (37.0%) (unique=5)
Progress: 38000/100000 (38.0%) (unique=5)
Progress: 39000/100000 (39.0%) (unique=5)
Progress: 40000/100000 (40.0%) (unique=5)
Progress: 41000/100000 (41.0%) (unique=5)
Progress: 42000/100000 (42.0%) (unique=5)
Progress: 43000/100000 (43.0%) (unique=5)
[Thread 2] Unique EQB: |x|=0.3927, shear=3.5623
Progress: 44000/100000 (44.0%) (unique=6)
Progress: 45000/100000 (45.0%) (unique=6)
Progress: 46000/100000 (46.0%) (unique=6)
Progress: 47000/100000 (47.0%) (unique=6)
Progress: 48000/100000 (48.0%) (unique=6)
Progress: 49000/100000 (49.0%) (unique=6)
Progress: 50000/100000 (50.0%) (unique=6)
Progress: 51000/100000 (51.0%) (unique=6)
Progress: 52000/100000 (52.0%) (unique=6)
Progress: 53000/100000 (53.0%) (unique=6)
Progress: 54000/100000 (54.0%) (unique=6)
Progress: 55000/100000 (55.0%) (unique=6)
Progress: 56000/100000 (56.0%) (unique=6)
Progress: 57000/100000 (57.0%) (unique=6)
Progress: 58000/100000 (58.0%) (unique=6)
Progress: 59000/100000 (59.0%) (unique=6)
Progress: 60000/100000 (60.0%) (unique=6)
Progress: 61000/100000 (61.0%) (unique=6)
Progress: 62000/100000 (62.0%) (unique=6)
Progress: 63000/100000 (63.0%) (unique=6)
Progress: 64000/100000 (64.0%) (unique=6)
Progress: 65000/100000 (65.0%) (unique=6)
Progress: 66000/100000 (66.0%) (unique=6)
Progress: 67000/100000 (67.0%) (unique=6)
Progress: 68000/100000 (68.0%) (unique=6)
Progress: 69000/100000 (69.0%) (unique=6)
Progress: 70000/100000 (70.0%) (unique=6)
Progress: 71000/100000 (71.0%) (unique=6)
Progress: 72000/100000 (72.0%) (unique=6)
Progress: 73000/100000 (73.0%) (unique=6)
Progress: 74000/100000 (74.0%) (unique=6)
Progress: 75000/100000 (75.0%) (unique=6)
Progress: 76000/100000 (76.0%) (unique=6)
Progress: 77000/100000 (77.0%) (unique=6)
Progress: 78000/100000 (78.0%) (unique=6)
Progress: 79000/100000 (79.0%) (unique=6)
Progress: 80000/100000 (80.0%) (unique=6)
Progress: 81000/100000 (81.0%) (unique=6)
Progress: 82000/100000 (82.0%) (unique=6)
Progress: 83000/100000 (83.0%) (unique=6)
Progress: 84000/100000 (84.0%) (unique=6)
Progress: 85000/100000 (85.0%) (unique=6)
Progress: 86000/100000 (86.0%) (unique=6)
Progress: 87000/100000 (87.0%) (unique=6)
Progress: 88000/100000 (88.0%) (unique=6)
Progress: 89000/100000 (89.0%) (unique=6)
Progress: 90000/100000 (90.0%) (unique=6)
Progress: 91000/100000 (91.0%) (unique=6)
Progress: 92000/100000 (92.0%) (unique=6)
Progress: 93000/100000 (93.0%) (unique=6)
Progress: 94000/100000 (94.0%) (unique=6)
Progress: 95000/100000 (95.0%) (unique=6)
[Thread 3] Unique EQB: |x|=0.4107, shear=1.5022
Progress: 96000/100000 (96.0%) (unique=7)
Progress: 97000/100000 (97.0%) (unique=7)
Progress: 98000/100000 (98.0%) (unique=7)
Progress: 99000/100000 (99.0%) (unique=7)
Progress: 100000/100000 (100.0%) (unique=7)
Done. Hookstep converged=4359, accepted=1098, unique=7

--- Ladder level 2: J,K,L = 1,4,5 ---
J,K,L,m == 1,4,5,75
(2J+1)(2K+1)(2L+1) + 1 == 298
Making matrices B,A1,A2,S3...
Making quadratic operator N...
1 2 3 4 5 6 7 8 9 10 11 12 13 14 15 16 17 18 19 20 21 22 23 24 25 26 27 28 29 30 31 32 33 34 35 36 37 38 39 40 41 42 43 44 45 46 47 48 49 50 51 52 53 54 55 56 57 58 59 60 61 62 63 64 65 66 67 68 69 70 71 72 73 74 75 
[promotion config] level=2 JKL=(1,4,5) perturb_trials=10000, perturb_scale=0.05
Promotion progress: 1/7 (14.3%) (unique=1)
Promotion progress: 2/7 (28.6%) (unique=2)
Promotion progress: 3/7 (42.9%) (unique=3)
Promotion progress: 4/7 (57.1%) (unique=4)
Promotion progress: 5/7 (71.4%) (unique=5)
Promotion progress: 6/7 (85.7%) (unique=5)
Promotion progress: 7/7 (100.0%) (unique=5)

--- Ladder level 3: J,K,L = 2,4,5 ---
J,K,L,m == 2,4,5,124
(2J+1)(2K+1)(2L+1) + 1 == 496
Making matrices B,A1,A2,S3...
Making quadratic operator N...
1 2 3 4 5 6 7 8 9 10 11 12 13 14 15 16 17 18 19 20 21 22 23 24 25 26 27 28 29 30 31 32 33 34 35 36 37 38 39 40 41 42 43 44 45 46 47 48 49 50 51 52 53 54 55 56 57 58 59 60 61 62 63 64 65 66 67 68 69 70 71 72 73 74 75 76 77 78 79 80 81 82 83 84 85 86 87 88 89 90 91 92 93 94 95 96 97 98 99 100 101 102 103 104 105 106 107 108 109 110 111 112 113 114 115 116 117 118 119 120 121 122 123 124 
[promotion config] level=3 JKL=(2,4,5) perturb_trials=10000, perturb_scale=0.05
Promotion progress: 1/5 (20.0%) (unique=1)
Promotion progress: 2/5 (40.0%) (unique=2)
Promotion progress: 3/5 (60.0%) (unique=2)
Promotion progress: 4/5 (80.0%) (unique=3)
Promotion progress: 5/5 (100.0%) (unique=4)

--- Ladder level 4: J,K,L = 2,4,6 ---
J,K,L,m == 2,4,6,146
(2J+1)(2K+1)(2L+1) + 1 == 586
Making matrices B,A1,A2,S3...
Making quadratic operator N...
1 2 3 4 5 6 7 8 9 10 11 12 13 14 15 16 17 18 19 20 21 22 23 24 25 26 27 28 29 30 31 32 33 34 35 36 37 38 39 40 41 42 43 44 45 46 47 48 49 50 51 52 53 54 55 56 57 58 59 60 61 62 63 64 65 66 67 68 69 70 71 72 73 74 75 76 77 78 79 80 81 82 83 84 85 86 87 88 89 90 91 92 93 94 95 96 97 98 99 100 101 102 103 104 105 106 107 108 109 110 111 112 113 114 115 116 117 118 119 120 121 122 123 124 125 126 127 128 129 130 131 132 133 134 135 136 137 138 139 140 141 142 143 144 145 146 
[promotion config] level=4 JKL=(2,4,6) perturb_trials=500, perturb_scale=0.05
Promotion progress: 1/4 (25.0%) (unique=1)
Promotion progress: 2/4 (50.0%) (unique=1)
Promotion progress: 3/4 (75.0%) (unique=2)
Promotion progress: 4/4 (100.0%) (unique=2)

--- Ladder level 5: J,K,L = 2,4,7 ---
J,K,L,m == 2,4,7,169
(2J+1)(2K+1)(2L+1) + 1 == 676
Making matrices B,A1,A2,S3...
Making quadratic operator N...
1 2 3 4 5 6 7 8 9 10 11 12 13 14 15 16 17 18 19 20 21 22 23 24 25 26 27 28 29 30 31 32 33 34 35 36 37 38 39 40 41 42 43 44 45 46 47 48 49 50 51 52 53 54 55 56 57 58 59 60 61 62 63 64 65 66 67 68 69 70 71 72 73 74 75 76 77 78 79 80 81 82 83 84 85 86 87 88 89 90 91 92 93 94 95 96 97 98 99 100 101 102 103 104 105 106 107 108 109 110 111 112 113 114 115 116 117 118 119 120 121 122 123 124 125 126 127 128 129 130 131 132 133 134 135 136 137 138 139 140 141 142 143 144 145 146 147 148 149 150 151 152 153 154 155 156 157 158 159 160 161 162 163 164 165 166 167 168 169 
[promotion config] level=5 JKL=(2,4,7) perturb_trials=500, perturb_scale=0.05
Promotion progress: 1/2 (50.0%) (unique=1)
Promotion progress: 2/2 (100.0%) (unique=1)

--- Ladder level 6: J,K,L = 2,4,8 ---
J,K,L,m == 2,4,8,191
(2J+1)(2K+1)(2L+1) + 1 == 766
Making matrices B,A1,A2,S3...
Making quadratic operator N...
1 2 3 4 5 6 7 8 9 10 11 12 13 14 15 16 17 18 19 20 21 22 23 24 25 26 27 28 29 30 31 32 33 34 35 36 37 38 39 40 41 42 43 44 45 46 47 48 49 50 51 52 53 54 55 56 57 58 59 60 61 62 63 64 65 66 67 68 69 70 71 72 73 74 75 76 77 78 79 80 81 82 83 84 85 86 87 88 89 90 91 92 93 94 95 96 97 98 99 100 101 102 103 104 105 106 107 108 109 110 111 112 113 114 115 116 117 118 119 120 121 122 123 124 125 126 127 128 129 130 131 132 133 134 135 136 137 138 139 140 141 142 143 144 145 146 147 148 149 150 151 152 153 154 155 156 157 158 159 160 161 162 163 164 165 166 167 168 169 170 171 172 173 174 175 176 177 178 179 180 181 182 183 184 185 186 187 188 189 190 191 
[promotion config] level=6 JKL=(2,4,8) perturb_trials=500, perturb_scale=0.05
Promotion progress: 1/1 (100.0%) (unique=1)

--- Ladder level 7: J,K,L = 2,4,9 ---
J,K,L,m == 2,4,9,214
(2J+1)(2K+1)(2L+1) + 1 == 856
Making matrices B,A1,A2,S3...
Making quadratic operator N...
1 2 3 4 5 6 7 8 9 10 11 12 13 14 15 16 17 18 19 20 21 22 23 24 25 26 27 28 29 30 31 32 33 34 35 36 37 38 39 40 41 42 43 44 45 46 47 48 49 50 51 52 53 54 55 56 57 58 59 60 61 62 63 64 65 66 67 68 69 70 71 72 73 74 75 76 77 78 79 80 81 82 83 84 85 86 87 88 89 90 91 92 93 94 95 96 97 98 99 100 101 102 103 104 105 106 107 108 109 110 111 112 113 114 115 116 117 118 119 120 121 122 123 124 125 126 127 128 129 130 131 132 133 134 135 136 137 138 139 140 141 142 143 144 145 146 147 148 149 150 151 152 153 154 155 156 157 158 159 160 161 162 163 164 165 166 167 168 169 170 171 172 173 174 175 176 177 178 179 180 181 182 183 184 185 186 187 188 189 190 191 192 193 194 195 196 197 198 199 200 201 202 203 204 205 206 207 208 209 210 211 212 213 214 
[promotion config] level=7 JKL=(2,4,9) perturb_trials=500, perturb_scale=0.05
Promotion progress: 1/1 (100.0%) (unique=1)

--- Ladder level 8: J,K,L = 3,4,9 ---
J,K,L,m == 3,4,9,300
(2J+1)(2K+1)(2L+1) + 1 == 1198
Making matrices B,A1,A2,S3...
Making quadratic operator N...
1 2 3 4 5 6 7 8 9 10 11 12 13 14 15 16 17 18 19 20 21 22 23 24 25 26 27 28 29 30 31 32 33 34 35 36 37 38 39 40 41 42 43 44 45 46 47 48 49 50 51 52 53 54 55 56 57 58 59 60 61 62 63 64 65 66 67 68 69 70 71 72 73 74 75 76 77 78 79 80 81 82 83 84 85 86 87 88 89 90 91 92 93 94 95 96 97 98 99 100 101 102 103 104 105 106 107 108 109 110 111 112 113 114 115 116 117 118 119 120 121 122 123 124 125 126 127 128 129 130 131 132 133 134 135 136 137 138 139 140 141 142 143 144 145 146 147 148 149 150 151 152 153 154 155 156 157 158 159 160 161 162 163 164 165 166 167 168 169 170 171 172 173 174 175 176 177 178 179 180 181 182 183 184 185 186 187 188 189 190 191 192 193 194 195 196 197 198 199 200 201 202 203 204 205 206 207 208 209 210 211 212 213 214 215 216 217 218 219 220 221 222 223 224 225 226 227 228 229 230 231 232 233 234 235 236 237 238 239 240 241 242 243 244 245 246 247 248 249 250 251 252 253 254 255 256 257 258 259 260 261 262 263 264 265 266 267 268 269 270 271 272 273 274 275 276 277 278 279 280 281 282 283 284 285 286 287 288 289 290 291 292 293 294 295 296 297 298 299 300 
[promotion config] level=8 JKL=(3,4,9) perturb_trials=500, perturb_scale=0.05
Promotion progress: 1/1 (100.0%) (unique=1)

--- Ladder level 9: J,K,L = 3,5,9 ---
J,K,L,m == 3,5,9,367
(2J+1)(2K+1)(2L+1) + 1 == 1464
Making matrices B,A1,A2,S3...
Making quadratic operator N...
1 2 3 4 5 6 7 8 9 10 11 12 13 14 15 16 17 18 19 20 21 22 23 24 25 26 27 28 29 30 31 32 33 34 35 36 37 38 39 40 41 42 43 44 45 46 47 48 49 50 51 52 53 54 55 56 57 58 59 60 61 62 63 64 65 66 67 68 69 70 71 72 73 74 75 76 77 78 79 80 81 82 83 84 85 86 87 88 89 90 91 92 93 94 95 96 97 98 99 100 101 102 103 104 105 106 107 108 109 110 111 112 113 114 115 116 117 118 119 120 121 122 123 124 125 126 127 128 129 130 131 132 133 134 135 136 137 138 139 140 141 142 143 144 145 146 147 148 149 150 151 152 153 154 155 156 157 158 159 160 161 162 163 164 165 166 167 168 169 170 171 172 173 174 175 176 177 178 179 180 181 182 183 184 185 186 187 188 189 190 191 192 193 194 195 196 197 198 199 200 201 202 203 204 205 206 207 208 209 210 211 212 213 214 215 216 217 218 219 220 221 222 223 224 225 226 227 228 229 230 231 232 233 234 235 236 237 238 239 240 241 242 243 244 245 246 247 248 249 250 251 252 253 254 255 256 257 258 259 260 261 262 263 264 265 266 267 268 269 270 271 272 273 274 275 276 277 278 279 280 281 282 283 284 285 286 287 288 289 290 291 292 293 294 295 296 297 298 299 300 301 302 303 304 305 306 307 308 309 310 311 312 313 314 315 316 317 318 319 320 321 322 323 324 325 326 327 328 329 330 331 332 333 334 335 336 337 338 339 340 341 342 343 344 345 346 347 348 349 350 351 352 353 354 355 356 357 358 359 360 361 362 363 364 365 366 367 
[promotion config] level=9 JKL=(3,5,9) perturb_trials=500, perturb_scale=0.05
Promotion progress: 1/1 (100.0%) (unique=1)

--- Ladder level 10: J,K,L = 3,5,9 ---
J,K,L,m == 3,5,9,367
(2J+1)(2K+1)(2L+1) + 1 == 1464
Making matrices B,A1,A2,S3...
Making quadratic operator N...
1 2 3 4 5 6 7 8 9 10 11 12 13 14 15 16 17 18 19 20 21 22 23 24 25 26 27 28 29 30 31 32 33 34 35 36 37 38 39 40 41 42 43 44 45 46 47 48 49 50 51 52 53 54 55 56 57 58 59 60 61 62 63 64 65 66 67 68 69 70 71 72 73 74 75 76 77 78 79 80 81 82 83 84 85 86 87 88 89 90 91 92 93 94 95 96 97 98 99 100 101 102 103 104 105 106 107 108 109 110 111 112 113 114 115 116 117 118 119 120 121 122 123 124 125 126 127 128 129 130 131 132 133 134 135 136 137 138 139 140 141 142 143 144 145 146 147 148 149 150 151 152 153 154 155 156 157 158 159 160 161 162 163 164 165 166 167 168 169 170 171 172 173 174 175 176 177 178 179 180 181 182 183 184 185 186 187 188 189 190 191 192 193 194 195 196 197 198 199 200 201 202 203 204 205 206 207 208 209 210 211 212 213 214 215 216 217 218 219 220 221 222 223 224 225 226 227 228 229 230 231 232 233 234 235 236 237 238 239 240 241 242 243 244 245 246 247 248 249 250 251 252 253 254 255 256 257 258 259 260 261 262 263 264 265 266 267 268 269 270 271 272 273 274 275 276 277 278 279 280 281 282 283 284 285 286 287 288 289 290 291 292 293 294 295 296 297 298 299 300 301 302 303 304 305 306 307 308 309 310 311 312 313 314 315 316 317 318 319 320 321 322 323 324 325 326 327 328 329 330 331 332 333 334 335 336 337 338 339 340 341 342 343 344 345 346 347 348 349 350 351 352 353 354 355 356 357 358 359 360 361 362 363 364 365 366 367 
[resume] loaded 1 solutions from /home/ebenq/dev/MyCloudAtlas.jl/notebooks/eqb_fuzzing/overnight_runs_updated/re400_lx2pi_lzpi/E/jkl_3_5_9/solutions.bin

--- Ladder level 11: J,K,L = 3,5,10 ---
J,K,L,m == 3,5,10,405
(2J+1)(2K+1)(2L+1) + 1 == 1618
Making matrices B,A1,A2,S3...
Making quadratic operator N...
1 2 3 4 5 6 7 8 9 10 11 12 13 14 15 16 17 18 19 20 21 22 23 24 25 26 27 28 29 30 31 32 33 34 35 36 37 38 39 40 41 42 43 44 45 46 47 48 49 50 51 52 53 54 55 56 57 58 59 60 61 62 63 64 65 66 67 68 69 70 71 72 73 74 75 76 77 78 79 80 81 82 83 84 85 86 87 88 89 90 91 92 93 94 95 96 97 98 99 100 101 102 103 104 105 106 107 108 109 110 111 112 113 114 115 116 117 118 119 120 121 122 123 124 125 126 127 128 129 130 131 132 133 134 135 136 137 138 139 140 141 142 143 144 145 146 147 148 149 150 151 152 153 154 155 156 157 158 159 160 161 162 163 164 165 166 167 168 169 170 171 172 173 174 175 176 177 178 179 180 181 182 183 184 185 186 187 188 189 190 191 192 193 194 195 196 197 198 199 200 201 202 203 204 205 206 207 208 209 210 211 212 213 214 215 216 217 218 219 220 221 222 223 224 225 226 227 228 229 230 231 232 233 234 235 236 237 238 239 240 241 242 243 244 245 246 247 248 249 250 251 252 253 254 255 256 257 258 259 260 261 262 263 264 265 266 267 268 269 270 271 272 273 274 275 276 277 278 279 280 281 282 283 284 285 286 287 288 289 290 291 292 293 294 295 296 297 298 299 300 301 302 303 304 305 306 307 308 309 310 311 312 313 314 315 316 317 318 319 320 321 322 323 324 325 326 327 328 329 330 331 332 333 334 335 336 337 338 339 340 341 342 343 344 345 346 347 348 349 350 351 352 353 354 355 356 357 358 359 360 361 362 363 364 365 366 367 368 369 370 371 372 373 374 375 376 377 378 379 380 381 382 383 384 385 386 387 388 389 390 391 392 393 394 395 396 397 398 399 400 401 402 403 404 405 
[promotion config] level=11 JKL=(3,5,10) perturb_trials=500, perturb_scale=0.05
Promotion progress: 1/1 (100.0%) (unique=0)
[warn] no solutions at level 11; stopping ladder for symmetry E

=== Symmetry: F <sxy, sz, txz> ===

--- Ladder level 1: J,K,L = 1,3,5 ---
J,K,L,m == 1,3,5,30
(2J+1)(2K+1)(2L+1) + 1 == 232
Making matrices B,A1,A2,S3...
Making quadratic operator N...
1 2 3 4 5 6 7 8 9 10 11 12 13 14 15 16 17 18 19 20 21 22 23 24 25 26 27 28 29 30 
[Thread 6] Unique EQB: |x|=0.0915, shear=1.0983
Progress: 1000/100000 (1.0%) (unique=1)
Progress: 2000/100000 (2.0%) (unique=1)
[Thread 2] Unique EQB: |x|=0.3927, shear=3.5623
Progress: 3000/100000 (3.0%) (unique=2)
Progress: 4000/100000 (4.0%) (unique=2)
Progress: 5000/100000 (5.0%) (unique=2)
[Thread 5] Unique EQB: |x|=0.4731, shear=4.3302
Progress: 6000/100000 (6.0%) (unique=3)
Progress: 7000/100000 (7.0%) (unique=3)
Progress: 8000/100000 (8.0%) (unique=3)
Progress: 9000/100000 (9.0%) (unique=3)
Progress: 10000/100000 (10.0%) (unique=3)
Progress: 11000/100000 (11.0%) (unique=3)
Progress: 12000/100000 (12.0%) (unique=3)
Progress: 13000/100000 (13.0%) (unique=3)
Progress: 14000/100000 (14.0%) (unique=3)
Progress: 15000/100000 (15.0%) (unique=3)
Progress: 16000/100000 (16.0%) (unique=3)
Progress: 17000/100000 (17.0%) (unique=3)
Progress: 18000/100000 (18.0%) (unique=3)
Progress: 19000/100000 (19.0%) (unique=3)
Progress: 20000/100000 (20.0%) (unique=3)
Progress: 21000/100000 (21.0%) (unique=3)
Progress: 22000/100000 (22.0%) (unique=3)
Progress: 23000/100000 (23.0%) (unique=3)
Progress: 24000/100000 (24.0%) (unique=3)
Progress: 25000/100000 (25.0%) (unique=3)
Progress: 26000/100000 (26.0%) (unique=3)
Progress: 27000/100000 (27.0%) (unique=3)
Progress: 28000/100000 (28.0%) (unique=3)
Progress: 29000/100000 (29.0%) (unique=3)
[Thread 2] Unique EQB: |x|=0.4227, shear=3.922
Progress: 30000/100000 (30.0%) (unique=4)
Progress: 31000/100000 (31.0%) (unique=4)
Progress: 32000/100000 (32.0%) (unique=4)
Progress: 33000/100000 (33.0%) (unique=4)
Progress: 34000/100000 (34.0%) (unique=4)
Progress: 35000/100000 (35.0%) (unique=4)
Progress: 36000/100000 (36.0%) (unique=4)
Progress: 37000/100000 (37.0%) (unique=4)
Progress: 38000/100000 (38.0%) (unique=4)
Progress: 39000/100000 (39.0%) (unique=4)
Progress: 40000/100000 (40.0%) (unique=4)
Progress: 41000/100000 (41.0%) (unique=4)
Progress: 42000/100000 (42.0%) (unique=4)
Progress: 43000/100000 (43.0%) (unique=4)
Progress: 44000/100000 (44.0%) (unique=4)
Progress: 45000/100000 (45.0%) (unique=4)
Progress: 46000/100000 (46.0%) (unique=4)
Progress: 47000/100000 (47.0%) (unique=4)
Progress: 48000/100000 (48.0%) (unique=4)
Progress: 49000/100000 (49.0%) (unique=4)
Progress: 50000/100000 (50.0%) (unique=4)
Progress: 51000/100000 (51.0%) (unique=4)
Progress: 52000/100000 (52.0%) (unique=4)
Progress: 53000/100000 (53.0%) (unique=4)
Progress: 54000/100000 (54.0%) (unique=4)
Progress: 55000/100000 (55.0%) (unique=4)
Progress: 56000/100000 (56.0%) (unique=4)
Progress: 57000/100000 (57.0%) (unique=4)
Progress: 58000/100000 (58.0%) (unique=4)
Progress: 59000/100000 (59.0%) (unique=4)
Progress: 60000/100000 (60.0%) (unique=4)
Progress: 61000/100000 (61.0%) (unique=4)
Progress: 62000/100000 (62.0%) (unique=4)
Progress: 63000/100000 (63.0%) (unique=4)
Progress: 64000/100000 (64.0%) (unique=4)
Progress: 65000/100000 (65.0%) (unique=4)
Progress: 66000/100000 (66.0%) (unique=4)
Progress: 67000/100000 (67.0%) (unique=4)
Progress: 68000/100000 (68.0%) (unique=4)
Progress: 69000/100000 (69.0%) (unique=4)
Progress: 70000/100000 (70.0%) (unique=4)
Progress: 71000/100000 (71.0%) (unique=4)
Progress: 72000/100000 (72.0%) (unique=4)
Progress: 73000/100000 (73.0%) (unique=4)
Progress: 74000/100000 (74.0%) (unique=4)
Progress: 75000/100000 (75.0%) (unique=4)
Progress: 76000/100000 (76.0%) (unique=4)
Progress: 77000/100000 (77.0%) (unique=4)
Progress: 78000/100000 (78.0%) (unique=4)
Progress: 79000/100000 (79.0%) (unique=4)
Progress: 80000/100000 (80.0%) (unique=4)
Progress: 81000/100000 (81.0%) (unique=4)
Progress: 82000/100000 (82.0%) (unique=4)
Progress: 83000/100000 (83.0%) (unique=4)
Progress: 84000/100000 (84.0%) (unique=4)
Progress: 85000/100000 (85.0%) (unique=4)
Progress: 86000/100000 (86.0%) (unique=4)
Progress: 87000/100000 (87.0%) (unique=4)
Progress: 88000/100000 (88.0%) (unique=4)
Progress: 89000/100000 (89.0%) (unique=4)
Progress: 90000/100000 (90.0%) (unique=4)
Progress: 91000/100000 (91.0%) (unique=4)
Progress: 92000/100000 (92.0%) (unique=4)
Progress: 93000/100000 (93.0%) (unique=4)
Progress: 94000/100000 (94.0%) (unique=4)
Progress: 95000/100000 (95.0%) (unique=4)
Progress: 96000/100000 (96.0%) (unique=4)
Progress: 97000/100000 (97.0%) (unique=4)
Progress: 98000/100000 (98.0%) (unique=4)
Progress: 99000/100000 (99.0%) (unique=4)
Progress: 100000/100000 (100.0%) (unique=4)
Done. Hookstep converged=18554, accepted=3766, unique=4

--- Ladder level 2: J,K,L = 1,4,5 ---
J,K,L,m == 1,4,5,35
(2J+1)(2K+1)(2L+1) + 1 == 298
Making matrices B,A1,A2,S3...
Making quadratic operator N...
1 2 3 4 5 6 7 8 9 10 11 12 13 14 15 16 17 18 19 20 21 22 23 24 25 26 27 28 29 30 31 32 33 34 35 
[promotion config] level=2 JKL=(1,4,5) perturb_trials=10000, perturb_scale=0.05
Promotion progress: 1/4 (25.0%) (unique=1)
Promotion progress: 2/4 (50.0%) (unique=2)
Promotion progress: 3/4 (75.0%) (unique=2)
Promotion progress: 4/4 (100.0%) (unique=2)

--- Ladder level 3: J,K,L = 2,4,5 ---
J,K,L,m == 2,4,5,62
(2J+1)(2K+1)(2L+1) + 1 == 496
Making matrices B,A1,A2,S3...
Making quadratic operator N...
1 2 3 4 5 6 7 8 9 10 11 12 13 14 15 16 17 18 19 20 21 22 23 24 25 26 27 28 29 30 31 32 33 34 35 36 37 38 39 40 41 42 43 44 45 46 47 48 49 50 51 52 53 54 55 56 57 58 59 60 61 62 
[promotion config] level=3 JKL=(2,4,5) perturb_trials=10000, perturb_scale=0.05
Promotion progress: 1/2 (50.0%) (unique=0)
Promotion progress: 2/2 (100.0%) (unique=1)

--- Ladder level 4: J,K,L = 2,4,6 ---
J,K,L,m == 2,4,6,73
(2J+1)(2K+1)(2L+1) + 1 == 586
Making matrices B,A1,A2,S3...
Making quadratic operator N...
1 2 3 4 5 6 7 8 9 10 11 12 13 14 15 16 17 18 19 20 21 22 23 24 25 26 27 28 29 30 31 32 33 34 35 36 37 38 39 40 41 42 43 44 45 46 47 48 49 50 51 52 53 54 55 56 57 58 59 60 61 62 63 64 65 66 67 68 69 70 71 72 73 
[promotion config] level=4 JKL=(2,4,6) perturb_trials=500, perturb_scale=0.05
Promotion progress: 1/1 (100.0%) (unique=1)

--- Ladder level 5: J,K,L = 2,4,7 ---
J,K,L,m == 2,4,7,85
(2J+1)(2K+1)(2L+1) + 1 == 676
Making matrices B,A1,A2,S3...
Making quadratic operator N...
1 2 3 4 5 6 7 8 9 10 11 12 13 14 15 16 17 18 19 20 21 22 23 24 25 26 27 28 29 30 31 32 33 34 35 36 37 38 39 40 41 42 43 44 45 46 47 48 49 50 51 52 53 54 55 56 57 58 59 60 61 62 63 64 65 66 67 68 69 70 71 72 73 74 75 76 77 78 79 80 81 82 83 84 85 
[promotion config] level=5 JKL=(2,4,7) perturb_trials=500, perturb_scale=0.05
Promotion progress: 1/1 (100.0%) (unique=1)

--- Ladder level 6: J,K,L = 2,4,8 ---
J,K,L,m == 2,4,8,96
(2J+1)(2K+1)(2L+1) + 1 == 766
Making matrices B,A1,A2,S3...
Making quadratic operator N...
1 2 3 4 5 6 7 8 9 10 11 12 13 14 15 16 17 18 19 20 21 22 23 24 25 26 27 28 29 30 31 32 33 34 35 36 37 38 39 40 41 42 43 44 45 46 47 48 49 50 51 52 53 54 55 56 57 58 59 60 61 62 63 64 65 66 67 68 69 70 71 72 73 74 75 76 77 78 79 80 81 82 83 84 85 86 87 88 89 90 91 92 93 94 95 96 
[promotion config] level=6 JKL=(2,4,8) perturb_trials=500, perturb_scale=0.05
Promotion progress: 1/1 (100.0%) (unique=1)

--- Ladder level 7: J,K,L = 2,4,9 ---
J,K,L,m == 2,4,9,108
(2J+1)(2K+1)(2L+1) + 1 == 856
Making matrices B,A1,A2,S3...
Making quadratic operator N...
1 2 3 4 5 6 7 8 9 10 11 12 13 14 15 16 17 18 19 20 21 22 23 24 25 26 27 28 29 30 31 32 33 34 35 36 37 38 39 40 41 42 43 44 45 46 47 48 49 50 51 52 53 54 55 56 57 58 59 60 61 62 63 64 65 66 67 68 69 70 71 72 73 74 75 76 77 78 79 80 81 82 83 84 85 86 87 88 89 90 91 92 93 94 95 96 97 98 99 100 101 102 103 104 105 106 107 108 
[promotion config] level=7 JKL=(2,4,9) perturb_trials=500, perturb_scale=0.05
Promotion progress: 1/1 (100.0%) (unique=1)

--- Ladder level 8: J,K,L = 3,4,9 ---
J,K,L,m == 3,4,9,146
(2J+1)(2K+1)(2L+1) + 1 == 1198
Making matrices B,A1,A2,S3...
Making quadratic operator N...
1 2 3 4 5 6 7 8 9 10 11 12 13 14 15 16 17 18 19 20 21 22 23 24 25 26 27 28 29 30 31 32 33 34 35 36 37 38 39 40 41 42 43 44 45 46 47 48 49 50 51 52 53 54 55 56 57 58 59 60 61 62 63 64 65 66 67 68 69 70 71 72 73 74 75 76 77 78 79 80 81 82 83 84 85 86 87 88 89 90 91 92 93 94 95 96 97 98 99 100 101 102 103 104 105 106 107 108 109 110 111 112 113 114 115 116 117 118 119 120 121 122 123 124 125 126 127 128 129 130 131 132 133 134 135 136 137 138 139 140 141 142 143 144 145 146 
[promotion config] level=8 JKL=(3,4,9) perturb_trials=500, perturb_scale=0.05
Promotion progress: 1/1 (100.0%) (unique=0)
[warn] no solutions at level 8; stopping ladder for symmetry F

=== Symmetry: G <sxyz> ===

--- Ladder level 1: J,K,L = 1,3,5 ---
J,K,L,m == 1,3,5,116
(2J+1)(2K+1)(2L+1) + 1 == 232
Making matrices B,A1,A2,S3...
Making quadratic operator N...
1 2 3 4 5 6 7 8 9 10 11 12 13 14 15 16 17 18 19 20 21 22 23 24 25 26 27 28 29 30 31 32 33 34 35 36 37 38 39 40 41 42 43 44 45 46 47 48 49 50 51 52 53 54 55 56 57 58 59 60 61 62 63 64 65 66 67 68 69 70 71 72 73 74 75 76 77 78 79 80 81 82 83 84 85 86 87 88 89 90 91 92 93 94 95 96 97 98 99 100 101 102 103 104 105 106 107 108 109 110 111 112 113 114 115 116 
Progress: 1000/100000 (1.0%) (unique=0)
Progress: 2000/100000 (2.0%) (unique=0)
Progress: 3000/100000 (3.0%) (unique=0)
Progress: 4000/100000 (4.0%) (unique=0)
Progress: 5000/100000 (5.0%) (unique=0)
Progress: 6000/100000 (6.0%) (unique=0)
[Thread 9] Unique EQB: |x|=0.0907, shear=1.2371
Progress: 7000/100000 (7.0%) (unique=1)
Progress: 8000/100000 (8.0%) (unique=1)
Progress: 9000/100000 (9.0%) (unique=1)
Progress: 10000/100000 (10.0%) (unique=1)
Progress: 11000/100000 (11.0%) (unique=1)
Progress: 12000/100000 (12.0%) (unique=1)
Progress: 13000/100000 (13.0%) (unique=1)
Progress: 14000/100000 (14.0%) (unique=1)
Progress: 15000/100000 (15.0%) (unique=1)
Progress: 16000/100000 (16.0%) (unique=1)
Progress: 17000/100000 (17.0%) (unique=1)
Progress: 18000/100000 (18.0%) (unique=1)
Progress: 19000/100000 (19.0%) (unique=1)
Progress: 20000/100000 (20.0%) (unique=1)
Progress: 21000/100000 (21.0%) (unique=1)
Progress: 22000/100000 (22.0%) (unique=1)
Progress: 23000/100000 (23.0%) (unique=1)
Progress: 24000/100000 (24.0%) (unique=1)
Progress: 25000/100000 (25.0%) (unique=1)
Progress: 26000/100000 (26.0%) (unique=1)
Progress: 27000/100000 (27.0%) (unique=1)
Progress: 28000/100000 (28.0%) (unique=1)
Progress: 29000/100000 (29.0%) (unique=1)
Progress: 30000/100000 (30.0%) (unique=1)
Progress: 31000/100000 (31.0%) (unique=1)
Progress: 32000/100000 (32.0%) (unique=1)
Progress: 33000/100000 (33.0%) (unique=1)
Progress: 34000/100000 (34.0%) (unique=1)
Progress: 35000/100000 (35.0%) (unique=1)
Progress: 36000/100000 (36.0%) (unique=1)
[Thread 8] Unique EQB: |x|=0.1158, shear=1.2781
Progress: 37000/100000 (37.0%) (unique=2)
Progress: 38000/100000 (38.0%) (unique=2)
Progress: 39000/100000 (39.0%) (unique=2)
Progress: 40000/100000 (40.0%) (unique=2)
Progress: 41000/100000 (41.0%) (unique=2)
Progress: 42000/100000 (42.0%) (unique=2)
Progress: 43000/100000 (43.0%) (unique=2)
Progress: 44000/100000 (44.0%) (unique=2)
Progress: 45000/100000 (45.0%) (unique=2)
Progress: 46000/100000 (46.0%) (unique=2)
Progress: 47000/100000 (47.0%) (unique=2)
Progress: 48000/100000 (48.0%) (unique=2)
[Thread 6] Unique EQB: |x|=0.1226, shear=1.0885
Progress: 49000/100000 (49.0%) (unique=3)
Progress: 50000/100000 (50.0%) (unique=3)
Progress: 51000/100000 (51.0%) (unique=3)
Progress: 52000/100000 (52.0%) (unique=3)
Progress: 53000/100000 (53.0%) (unique=3)
[Thread 8] Unique EQB: |x|=0.0915, shear=1.0983
Progress: 54000/100000 (54.0%) (unique=4)
Progress: 55000/100000 (55.0%) (unique=4)
Progress: 56000/100000 (56.0%) (unique=4)
Progress: 57000/100000 (57.0%) (unique=4)
Progress: 58000/100000 (58.0%) (unique=4)
Progress: 59000/100000 (59.0%) (unique=4)
Progress: 60000/100000 (60.0%) (unique=4)
Progress: 61000/100000 (61.0%) (unique=4)
Progress: 62000/100000 (62.0%) (unique=4)
Progress: 63000/100000 (63.0%) (unique=4)
Progress: 64000/100000 (64.0%) (unique=4)
Progress: 65000/100000 (65.0%) (unique=4)
Progress: 66000/100000 (66.0%) (unique=4)
Progress: 67000/100000 (67.0%) (unique=4)
Progress: 68000/100000 (68.0%) (unique=4)
Progress: 69000/100000 (69.0%) (unique=4)
Progress: 70000/100000 (70.0%) (unique=4)
Progress: 71000/100000 (71.0%) (unique=4)
Progress: 72000/100000 (72.0%) (unique=4)
[Thread 9] Unique EQB: |x|=0.1163, shear=1.3085
Progress: 73000/100000 (73.0%) (unique=5)
Progress: 74000/100000 (74.0%) (unique=5)
Progress: 75000/100000 (75.0%) (unique=5)
Progress: 76000/100000 (76.0%) (unique=5)
Progress: 77000/100000 (77.0%) (unique=5)
Progress: 78000/100000 (78.0%) (unique=5)
[Thread 7] Unique EQB: |x|=0.2443, shear=1.4744
Progress: 79000/100000 (79.0%) (unique=6)
Progress: 80000/100000 (80.0%) (unique=6)
Progress: 81000/100000 (81.0%) (unique=6)
Progress: 82000/100000 (82.0%) (unique=6)
Progress: 83000/100000 (83.0%) (unique=6)
Progress: 84000/100000 (84.0%) (unique=6)
Progress: 85000/100000 (85.0%) (unique=6)
Progress: 86000/100000 (86.0%) (unique=6)
Progress: 87000/100000 (87.0%) (unique=6)
Progress: 88000/100000 (88.0%) (unique=6)
Progress: 89000/100000 (89.0%) (unique=6)
Progress: 90000/100000 (90.0%) (unique=6)
Progress: 91000/100000 (91.0%) (unique=6)
Progress: 92000/100000 (92.0%) (unique=6)
Progress: 93000/100000 (93.0%) (unique=6)
Progress: 94000/100000 (94.0%) (unique=6)
Progress: 95000/100000 (95.0%) (unique=6)
Progress: 96000/100000 (96.0%) (unique=6)
Progress: 97000/100000 (97.0%) (unique=6)
Progress: 98000/100000 (98.0%) (unique=6)
Progress: 99000/100000 (99.0%) (unique=6)
Progress: 100000/100000 (100.0%) (unique=6)
Done. Hookstep converged=25, accepted=14, unique=6

--- Ladder level 2: J,K,L = 1,4,5 ---
J,K,L,m == 1,4,5,149
(2J+1)(2K+1)(2L+1) + 1 == 298
Making matrices B,A1,A2,S3...
Making quadratic operator N...
1 2 3 4 5 6 7 8 9 10 11 12 13 14 15 16 17 18 19 20 21 22 23 24 25 26 27 28 29 30 31 32 33 34 35 36 37 38 39 40 41 42 43 44 45 46 47 48 49 50 51 52 53 54 55 56 57 58 59 60 61 62 63 64 65 66 67 68 69 70 71 72 73 74 75 76 77 78 79 80 81 82 83 84 85 86 87 88 89 90 91 92 93 94 95 96 97 98 99 100 101 102 103 104 105 106 107 108 109 110 111 112 113 114 115 116 117 118 119 120 121 122 123 124 125 126 127 128 129 130 131 132 133 134 135 136 137 138 139 140 141 142 143 144 145 146 147 148 149 
[promotion config] level=2 JKL=(1,4,5) perturb_trials=10000, perturb_scale=0.05
Promotion progress: 1/6 (16.7%) (unique=1)
Promotion progress: 2/6 (33.3%) (unique=2)
Promotion progress: 3/6 (50.0%) (unique=3)
Promotion progress: 4/6 (66.7%) (unique=4)
Promotion progress: 5/6 (83.3%) (unique=4)
Promotion progress: 6/6 (100.0%) (unique=4)

--- Ladder level 3: J,K,L = 2,4,5 ---
J,K,L,m == 2,4,5,248
(2J+1)(2K+1)(2L+1) + 1 == 496
Making matrices B,A1,A2,S3...
Making quadratic operator N...
1 2 3 4 5 6 7 8 9 10 11 12 13 14 15 16 17 18 19 20 21 22 23 24 25 26 27 28 29 30 31 32 33 34 35 36 37 38 39 40 41 42 43 44 45 46 47 48 49 50 51 52 53 54 55 56 57 58 59 60 61 62 63 64 65 66 67 68 69 70 71 72 73 74 75 76 77 78 79 80 81 82 83 84 85 86 87 88 89 90 91 92 93 94 95 96 97 98 99 100 101 102 103 104 105 106 107 108 109 110 111 112 113 114 115 116 117 118 119 120 121 122 123 124 125 126 127 128 129 130 131 132 133 134 135 136 137 138 139 140 141 142 143 144 145 146 147 148 149 150 151 152 153 154 155 156 157 158 159 160 161 162 163 164 165 166 167 168 169 170 171 172 173 174 175 176 177 178 179 180 181 182 183 184 185 186 187 188 189 190 191 192 193 194 195 196 197 198 199 200 201 202 203 204 205 206 207 208 209 210 211 212 213 214 215 216 217 218 219 220 221 222 223 224 225 226 227 228 229 230 231 232 233 234 235 236 237 238 239 240 241 242 243 244 245 246 247 248 
[promotion config] level=3 JKL=(2,4,5) perturb_trials=10000, perturb_scale=0.05
Promotion progress: 1/4 (25.0%) (unique=0)
Promotion progress: 2/4 (50.0%) (unique=0)
Promotion progress: 3/4 (75.0%) (unique=0)
Promotion progress: 4/4 (100.0%) (unique=0)
[warn] no solutions at level 3; stopping ladder for symmetry G

Completed equilibrium discovery sweep.
Summary markdown: /home/ebenq/dev/MyCloudAtlas.jl/notebooks/eqb_fuzzing/overnight_runs_updated/re400_lx2pi_lzpi/run_summary.md
